Copyright 1986-2018 Xilinx, Inc. All Rights Reserved.
--------------------------------------------------------------------------------------------------------------------------------------------------------------------------------------
| Tool Version : Vivado v.2018.3 (win64) Build 2405991 Thu Dec  6 23:38:27 MST 2018
| Date         : Wed Jun 17 19:12:00 2026
| Host         : DESKTOP-4P07GVT running 64-bit major release  (build 9200)
| Command      : report_methodology -file design_1_wrapper_methodology_drc_routed.rpt -pb design_1_wrapper_methodology_drc_routed.pb -rpx design_1_wrapper_methodology_drc_routed.rpx
| Design       : design_1_wrapper
| Device       : xc7z020clg400-2
| Speed File   : -2
| Design State : Fully Routed
--------------------------------------------------------------------------------------------------------------------------------------------------------------------------------------

Report Methodology

Table of Contents
-----------------
1. REPORT SUMMARY
2. REPORT DETAILS

1. REPORT SUMMARY
-----------------
            Netlist: netlist
          Floorplan: design_1
      Design limits: <entire design considered>
             Max violations: <unlimited>
             Violations found: 38
+-----------+----------+-------------------------------+------------+
| Rule      | Severity | Description                   | Violations |
+-----------+----------+-------------------------------+------------+
| LUTAR-1   | Warning  | LUT drives async reset alert  | 1          |
| TIMING-9  | Warning  | Unknown CDC Logic             | 1          |
| TIMING-18 | Warning  | Missing input or output delay | 36         |
+-----------+----------+-------------------------------+------------+

2. REPORT DETAILS
-----------------
LUTAR-1#1 Warning
LUT drives async reset alert  
LUT cell design_1_i/mdm_1/U0/MDM_Core_I1/JTAG_CONTROL_I/sel_n_i_2, with 2 or more inputs, drives asynchronous preset/clear pin(s) design_1_i/mdm_1/U0/MDM_Core_I1/JTAG_CONTROL_I/sel_n_reg/PRE. The LUT may glitch and trigger an unexpected reset, even if it is a properly timed path.
Related violations: <none>

TIMING-9#1 Warning
Unknown CDC Logic  
One or more asynchronous Clock Domain Crossing has been detected between 2 clock domains through a set_false_path or a set_clock_groups or set_max_delay -datapath_only constraint but no double-registers logic synchronizer has been found on the side of the capture clock. It is recommended to run report_cdc for a complete and detailed CDC coverage. Please consider using XPM_CDC to avoid Critical severities
Related violations: <none>

TIMING-18#1 Warning
Missing input or output delay  
An input delay is missing on gpio2_io_i_0[0] relative to clock(s) diff_clock_rtl_0_clk_p
Related violations: <none>

TIMING-18#2 Warning
Missing input or output delay  
An input delay is missing on gpio2_io_i_0[1] relative to clock(s) diff_clock_rtl_0_clk_p
Related violations: <none>

TIMING-18#3 Warning
Missing input or output delay  
An input delay is missing on gpio2_io_i_0[2] relative to clock(s) diff_clock_rtl_0_clk_p
Related violations: <none>

TIMING-18#4 Warning
Missing input or output delay  
An input delay is missing on gpio2_io_i_0[3] relative to clock(s) diff_clock_rtl_0_clk_p
Related violations: <none>

TIMING-18#5 Warning
Missing input or output delay  
An input delay is missing on gpio_io_i_0[0] relative to clock(s) diff_clock_rtl_0_clk_p
Related violations: <none>

TIMING-18#6 Warning
Missing input or output delay  
An input delay is missing on gpio_io_i_0[1] relative to clock(s) diff_clock_rtl_0_clk_p
Related violations: <none>

TIMING-18#7 Warning
Missing input or output delay  
An input delay is missing on gpio_io_i_0[2] relative to clock(s) diff_clock_rtl_0_clk_p
Related violations: <none>

TIMING-18#8 Warning
Missing input or output delay  
An input delay is missing on gpio_io_i_0[3] relative to clock(s) diff_clock_rtl_0_clk_p
Related violations: <none>

TIMING-18#9 Warning
Missing input or output delay  
An input delay is missing on gpio_io_i_0[4] relative to clock(s) diff_clock_rtl_0_clk_p
Related violations: <none>

TIMING-18#10 Warning
Missing input or output delay  
An input delay is missing on gpio_io_i_0[5] relative to clock(s) diff_clock_rtl_0_clk_p
Related violations: <none>

TIMING-18#11 Warning
Missing input or output delay  
An input delay is missing on gpio_io_i_0[6] relative to clock(s) diff_clock_rtl_0_clk_p
Related violations: <none>

TIMING-18#12 Warning
Missing input or output delay  
An input delay is missing on gpio_io_i_0[7] relative to clock(s) diff_clock_rtl_0_clk_p
Related violations: <none>

TIMING-18#13 Warning
Missing input or output delay  
An input delay is missing on gpio_io_i_1[0] relative to clock(s) diff_clock_rtl_0_clk_p
Related violations: <none>

TIMING-18#14 Warning
Missing input or output delay  
An input delay is missing on gpio_io_i_1[1] relative to clock(s) diff_clock_rtl_0_clk_p
Related violations: <none>

TIMING-18#15 Warning
Missing input or output delay  
An input delay is missing on gpio_io_i_1[2] relative to clock(s) diff_clock_rtl_0_clk_p
Related violations: <none>

TIMING-18#16 Warning
Missing input or output delay  
An input delay is missing on gpio_io_i_1[3] relative to clock(s) diff_clock_rtl_0_clk_p
Related violations: <none>

TIMING-18#17 Warning
Missing input or output delay  
An input delay is missing on gpio_io_i_1[4] relative to clock(s) diff_clock_rtl_0_clk_p
Related violations: <none>

TIMING-18#18 Warning
Missing input or output delay  
An input delay is missing on gpio_io_i_1[5] relative to clock(s) diff_clock_rtl_0_clk_p
Related violations: <none>

TIMING-18#19 Warning
Missing input or output delay  
An input delay is missing on gpio_io_i_1[6] relative to clock(s) diff_clock_rtl_0_clk_p
Related violations: <none>

TIMING-18#20 Warning
Missing input or output delay  
An input delay is missing on gpio_io_i_1[7] relative to clock(s) diff_clock_rtl_0_clk_p
Related violations: <none>

TIMING-18#21 Warning
Missing input or output delay  
An input delay is missing on gpio_io_i_2[0] relative to clock(s) diff_clock_rtl_0_clk_p
Related violations: <none>

TIMING-18#22 Warning
Missing input or output delay  
An input delay is missing on gpio_io_i_2[1] relative to clock(s) diff_clock_rtl_0_clk_p
Related violations: <none>

TIMING-18#23 Warning
Missing input or output delay  
An input delay is missing on gpio_io_i_2[2] relative to clock(s) diff_clock_rtl_0_clk_p
Related violations: <none>

TIMING-18#24 Warning
Missing input or output delay  
An input delay is missing on gpio_io_i_2[3] relative to clock(s) diff_clock_rtl_0_clk_p
Related violations: <none>

TIMING-18#25 Warning
Missing input or output delay  
An input delay is missing on gpio_io_i_2[4] relative to clock(s) diff_clock_rtl_0_clk_p
Related violations: <none>

TIMING-18#26 Warning
Missing input or output delay  
An input delay is missing on gpio_io_i_2[5] relative to clock(s) diff_clock_rtl_0_clk_p
Related violations: <none>

TIMING-18#27 Warning
Missing input or output delay  
An input delay is missing on gpio_io_i_2[6] relative to clock(s) diff_clock_rtl_0_clk_p
Related violations: <none>

TIMING-18#28 Warning
Missing input or output delay  
An input delay is missing on gpio_io_i_2[7] relative to clock(s) diff_clock_rtl_0_clk_p
Related violations: <none>

TIMING-18#29 Warning
Missing input or output delay  
An input delay is missing on gpio_io_i_3[0] relative to clock(s) diff_clock_rtl_0_clk_p
Related violations: <none>

TIMING-18#30 Warning
Missing input or output delay  
An input delay is missing on gpio_io_i_3[1] relative to clock(s) diff_clock_rtl_0_clk_p
Related violations: <none>

TIMING-18#31 Warning
Missing input or output delay  
An input delay is missing on gpio_io_i_3[2] relative to clock(s) diff_clock_rtl_0_clk_p
Related violations: <none>

TIMING-18#32 Warning
Missing input or output delay  
An input delay is missing on gpio_io_i_3[3] relative to clock(s) diff_clock_rtl_0_clk_p
Related violations: <none>

TIMING-18#33 Warning
Missing input or output delay  
An input delay is missing on reset_rtl_0_0 relative to clock(s) diff_clock_rtl_0_clk_p
Related violations: <none>

TIMING-18#34 Warning
Missing input or output delay  
An input delay is missing on rx_0 relative to clock(s) diff_clock_rtl_0_clk_p
Related violations: <none>

TIMING-18#35 Warning
Missing input or output delay  
An output delay is missing on interrupt_0 relative to clock(s) diff_clock_rtl_0_clk_p
Related violations: <none>

TIMING-18#36 Warning
Missing input or output delay  
An output delay is missing on tx_0 relative to clock(s) diff_clock_rtl_0_clk_p
Related violations: <none>


